# Resource Management

**command to show free memory resources:**
```sh
$ free -m
               total        used        free      shared  buff/cache   available
Mem:            3760        2657         433         512        1418        1103
Swap:           3759         840        2919
```

**command to show free storage space:**
```sh
$ df
Filesystem      Size  Used Avail Use% Mounted on
tmpfs           377M  2.0M  375M   1% /run
/dev/nvme0n1p2  468G   18G  426G   4% /
tmpfs           1.9G   96M  1.8G   6% /dev/shm
tmpfs           5.0M  8.0K  5.0M   1% /run/lock
efivarfs        116K   90K   22K  81% /sys/firmware/efi/efivars
/dev/nvme0n1p1  1.1G  6.2M  1.1G   1% /boot/efi
tmpfs           377M  140K  376M   1% /run/user/1000
```

**command to show free spaces in cwd:**
```sh
$ sudo du -hcs 
du: cannot access './run/user/1000/gvfs': Permission denied
du: cannot access './run/user/1000/doc': Permission denied
du: cannot access './proc/8191/task/8191/fd/4': No such file or directory
du: cannot access './proc/8191/task/8191/fdinfo/4': No such file or directory
du: cannot access './proc/8191/fd/3': No such file or directory
du: cannot access './proc/8191/fdinfo/3': No such file or directory
25G	.
25G	total
```